PS C:\Users\DIVYA\c_activity_sets> git add .
PS C:\Users\DIVYA\c_activity_sets> git commit -m "test"
On branch main
Your branch is ahead of 'origin/main' by 10 commits.
  (use "git push" to publish your local commits)

nothing to commit, working tree clean
PS C:\Users\DIVYA\c_activity_sets> git push .
Everything up-to-date
PS C:\Users\DIVYA\c_activity_sets> cd set01
PS C:\Users\DIVYA\c_activity_sets\set01> gcc problem02.c -O0 -g
PS C:\Users\DIVYA\c_activity_sets\set01> gdb a.exe
GNU gdb (GDB) 7.6.1
Copyright (C) 2013 Free Software Foundation, Inc.
License GPLv3+: GNU GPL version 3 or later <http://gnu.org/licenses/gpl.html>
This is free software: you are free to change and redistribute it.
There is NO WARRANTY, to the extent permitted by law.  Type "show copying"
and "show warranty" for details.
This GDB was configured as "mingw32".
For bug reporting instructions, please see:
<http://www.gnu.org/software/gdb/bugs/>...
Reading symbols from C:\Users\DIVYA\c_activity_sets\set01\a.exe...done.
(gdb) b main
Breakpoint 1 at 0x40146e: file problem02.c, line 7.
(gdb) r
Starting program: C:\Users\DIVYA\c_activity_sets\set01/a.exe
[New Thread 1332.0x10f0]
[New Thread 1332.0x2ec4]

Breakpoint 1, main () at problem02.c:7
7           printf("Enter two integers:");
(gdb) s
Enter two integers:8        scanf("%d , %d", &num1 , &num2);
(gdb) s
3

4
9           sum = num1 + num2;
(gdb) q
A debugging session is active.

        Inferior 1 [process 1332] will be killed.

Quit anyway? (y or n) y
error return ../../gdb-7.6.1/gdb/windows-nat.c:1275 was 5
PS C:\Users\DIVYA\c_activity_sets\set01>     